core_cm0plus.h:846:22:NVIC_SystemReset	0	static,ignoring_inline_asm
esp01.c:59:13:disable_passthrough	8	static
esp01.c:32:13:clean_rx_buffer	8	static
esp01.c:48:13:send_command	16	static
esp01.c:36:14:search_rx_buffer	8	static
esp01.c:40:13:wait_for_response	16	static
esp01.c:73:13:connect_to_server	8	static
esp01.c:66:13:enable_passthrough	8	static
esp01.c:81:13:set_esp_status	8	static
esp01.c:92:13:pair_device	32	static
esp01.c:98:6:esp_set_id	0	static
esp01.c:102:6:esp_power_on	8	static
esp01.c:109:6:esp_restart	8	static
esp01.c:114:6:esp_send_data	16	static
esp01.c:121:6:esp_initialize	8	static
esp01.c:139:6:esp_wps	8	static
esp01.c:149:6:esp_restore	8	static
esp01.c:153:6:esp_check_connection	8	static
esp01.c:168:7:esp_parse_value	16	static
esp01.c:187:6:esp_uart_callback	8	static
